2026-08-06 17:52:34 - BabyWatcher - INFO - \u2705 BabyWatcher initialized successfully
✅ Configuration loaded from config.yaml
🖥️  Platform detected: desktop
🖥️  Using CPU
🔄 Loading YOLO pose and object models...
ℹ️  Hand and face models are disabled; using pose + object logic only
ℹ️  MediaPipe hand detection disabled; using pose + object logic only
✅ Models loaded successfully
✅ Email alert initialized
[1/23] 325779361_697392898585803_1014280073914063136_n_jpeg.rf.62dd7133f4c68f5e7f55164a6bb6654f.jpg done (18s elapsed)
[2/23] 325717802_3201299213421225_3156402973776784456_n_jpg.rf.b51e13872b5353e175f94e95dc7a9489.jpg done (36s elapsed)
[3/23] 325830439_1216468435654765_8198123771164846849_n_jpg.rf.6d419a8537ed729228daaf2753c667cf.jpg done (54s elapsed)
[4/23] 324392425_708809327578441_4136788493901408811_n_jpg.rf.1611c89a8a10c30802c6bcdd1e291e05.jpg done (73s elapsed)
[5/23] 325744152_2511328462355171_7357332802287911703_n_jpg.rf.450cc1bc46bce951c0b4abceceff22a2.jpg done (92s elapsed)
[6/23] 326394434_5756615407785144_5694530470722789450_n_jpg.rf.483cc4a0e1b2deb14c500f0a3c11a172.jpg done (111s elapsed)
[7/23] 322828325_962944021337628_1874479558312964397_n_jpg.rf.e37dc6a31819104bf1f9c5a0f6d97e89.jpg done (131s elapsed)
[8/23] 325715180_137293365856420_5222945214288864591_n-1-_jpg.rf.f0ef7e0e1f28bf85e14b689698102e21.jpg done (150s elapsed)
[9/23] 326159349_534578221963884_1591071820433039757_n_jpeg.rf.2f5ea5b630f0d34d545249624d079fb7.jpg done (170s elapsed)
[10/23] 325409542_839473773812693_5171051284896275114_n_jpg.rf.7bbcf02183750e5308aaa743707a3912.jpg done (191s elapsed)
[11/23] 325941570_5852048371554790_3949988224046891795_n_jpg.rf.6720ed113da6f0f501dde9f33dc9b41e.jpg done (212s elapsed)
[12/23] 326238267_893401148469647_7085697957128711941_n_jpg.rf.98f335844d41e5c96cfc66b54e9fc647.jpg done (233s elapsed)
[13/23] 325806645_719158326350652_507326228170993943_n_jpg.rf.c9b2235b281dbc6cbf71d47fd52d6fcc.jpg done (254s elapsed)
[14/23] 325703891_555974033244057_1859569487481249809_n_jpg.rf.6bdfa1106097cace272db91db53a20b7.jpg done (275s elapsed)
[15/23] 326020048_737599357577073_6452283636308315272_n_jpg.rf.7b2458c4c47dfabfa2459378a177d127.jpg done (300s elapsed)
[16/23] 325704532_691962849076031_9101256235223666838_n_jpg.rf.b46f0c7ba1559084bc4755a5bb5e6e3b.jpg done (325s elapsed)
[17/23] 325828564_143075851629778_4427204079022360148_n_jpeg.rf.6d88e3f10bf95bdef9ba8c47ec5f007c.jpg done (348s elapsed)
[18/23] 326286485_971713500648088_7958627032111934273_n_jpg.rf.d15bf054b05f1c80200717af2f680f12.jpg done (371s elapsed)
[19/23] 325944427_591711642789313_814042611178577681_n_jpg.rf.d3366488e0a6ba98aad6214d87ca6225.jpg done (396s elapsed)
[20/23] 326157342_202184902316456_6203023765414409336_n_jpg.rf.e2ab49bd7ebe8bbbc980e18b49846bf9.jpg done (420s elapsed)
[21/23] 325912152_1038841907072967_841167442293686645_n_jpeg.rf.412e3c8eb251fcea661c4ceeee7ae051.jpg done (443s elapsed)
[22/23] 325949356_735657664844481_8814291452810595816_n_jpeg.rf.60340b4ca23e864e2abc55572717833c.jpg done (466s elapsed)
[23/23] 326431299_958693652173971_5362073672430628745_n_jpeg.rf.17de8d040db4fbeb7abd8d48e9bd49c5.jpg done (490s elapsed)
Wrote analysis\threshold_comparison\scale_invariance_raw.csv (736 rows) in 490.3s
